Traceback (most recent call last):
  File "/home/viny/greenhunter/venv/bin/flask", line 8, in <module>
    sys.exit(main())
             ^^^^^^
  File "/home/viny/greenhunter/venv/lib/python3.11/site-packages/flask/cli.py", line 1064, in main
    cli.main()
  File "/home/viny/greenhunter/venv/lib/python3.11/site-packages/click/core.py", line 1406, in main
    rv = self.invoke(ctx)
         ^^^^^^^^^^^^^^^^
  File "/home/viny/greenhunter/venv/lib/python3.11/site-packages/click/core.py", line 1873, in invoke
    return _process_result(sub_ctx.command.invoke(sub_ctx))
                           ^^^^^^^^^^^^^^^^^^^^^^^^^^^^^^^
  File "/home/viny/greenhunter/venv/lib/python3.11/site-packages/click/core.py", line 1269, in invoke
    return ctx.invoke(self.callback, **ctx.params)
           ^^^^^^^^^^^^^^^^^^^^^^^^^^^^^^^^^^^^^^^
  File "/home/viny/greenhunter/venv/lib/python3.11/site-packages/click/core.py", line 824, in invoke
    return callback(*args, **kwargs)
           ^^^^^^^^^^^^^^^^^^^^^^^^^
  File "/home/viny/greenhunter/venv/lib/python3.11/site-packages/click/decorators.py", line 93, in new_func
    return ctx.invoke(f, obj, *args, **kwargs)
           ^^^^^^^^^^^^^^^^^^^^^^^^^^^^^^^^^^^
  File "/home/viny/greenhunter/venv/lib/python3.11/site-packages/click/core.py", line 824, in invoke
    return callback(*args, **kwargs)
           ^^^^^^^^^^^^^^^^^^^^^^^^^
  File "/home/viny/greenhunter/venv/lib/python3.11/site-packages/flask/cli.py", line 912, in run_command
    raise e from None
  File "/home/viny/greenhunter/venv/lib/python3.11/site-packages/flask/cli.py", line 898, in run_command
    app = info.load_app()
          ^^^^^^^^^^^^^^^
  File "/home/viny/greenhunter/venv/lib/python3.11/site-packages/flask/cli.py", line 309, in load_app
    app = locate_app(import_name, name)
          ^^^^^^^^^^^^^^^^^^^^^^^^^^^^^
  File "/home/viny/greenhunter/venv/lib/python3.11/site-packages/flask/cli.py", line 236, in locate_app
    return find_best_app(module)
           ^^^^^^^^^^^^^^^^^^^^^
  File "/home/viny/greenhunter/venv/lib/python3.11/site-packages/flask/cli.py", line 64, in find_best_app
    app = app_factory()
          ^^^^^^^^^^^^^
  File "/home/viny/greenhunter/app/__init__.py", line 102, in create_app
    db.create_all()
  File "/home/viny/greenhunter/venv/lib/python3.11/site-packages/flask_sqlalchemy/extension.py", line 900, in create_all
    self._call_for_binds(bind_key, "create_all")
  File "/home/viny/greenhunter/venv/lib/python3.11/site-packages/flask_sqlalchemy/extension.py", line 881, in _call_for_binds
    getattr(metadata, op_name)(bind=engine)
  File "/home/viny/greenhunter/venv/lib/python3.11/site-packages/sqlalchemy/sql/schema.py", line 5928, in create_all
    bind._run_ddl_visitor(
  File "/home/viny/greenhunter/venv/lib/python3.11/site-packages/sqlalchemy/engine/base.py", line 3259, in _run_ddl_visitor
    with self.begin() as conn:
  File "/usr/lib/python3.11/contextlib.py", line 137, in __enter__
    return next(self.gen)
           ^^^^^^^^^^^^^^
  File "/home/viny/greenhunter/venv/lib/python3.11/site-packages/sqlalchemy/engine/base.py", line 3249, in begin
    with self.connect() as conn:
         ^^^^^^^^^^^^^^
  File "/home/viny/greenhunter/venv/lib/python3.11/site-packages/sqlalchemy/engine/base.py", line 3285, in connect
    return self._connection_cls(self)
           ^^^^^^^^^^^^^^^^^^^^^^^^^^
  File "/home/viny/greenhunter/venv/lib/python3.11/site-packages/sqlalchemy/engine/base.py", line 145, in __init__
    Connection._handle_dbapi_exception_noconnection(
  File "/home/viny/greenhunter/venv/lib/python3.11/site-packages/sqlalchemy/engine/base.py", line 2448, in _handle_dbapi_exception_noconnection
    raise sqlalchemy_exception.with_traceback(exc_info[2]) from e
  File "/home/viny/greenhunter/venv/lib/python3.11/site-packages/sqlalchemy/engine/base.py", line 143, in __init__
    self._dbapi_connection = engine.raw_connection()
                             ^^^^^^^^^^^^^^^^^^^^^^^
  File "/home/viny/greenhunter/venv/lib/python3.11/site-packages/sqlalchemy/engine/base.py", line 3309, in raw_connection
    return self.pool.connect()
           ^^^^^^^^^^^^^^^^^^^
  File "/home/viny/greenhunter/venv/lib/python3.11/site-packages/sqlalchemy/pool/base.py", line 447, in connect
    return _ConnectionFairy._checkout(self)
           ^^^^^^^^^^^^^^^^^^^^^^^^^^^^^^^^
  File "/home/viny/greenhunter/venv/lib/python3.11/site-packages/sqlalchemy/pool/base.py", line 1264, in _checkout
    fairy = _ConnectionRecord.checkout(pool)
            ^^^^^^^^^^^^^^^^^^^^^^^^^^^^^^^^
  File "/home/viny/greenhunter/venv/lib/python3.11/site-packages/sqlalchemy/pool/base.py", line 711, in checkout
    rec = pool._do_get()
          ^^^^^^^^^^^^^^
  File "/home/viny/greenhunter/venv/lib/python3.11/site-packages/sqlalchemy/pool/impl.py", line 177, in _do_get
    with util.safe_reraise():
  File "/home/viny/greenhunter/venv/lib/python3.11/site-packages/sqlalchemy/util/langhelpers.py", line 224, in __exit__
    raise exc_value.with_traceback(exc_tb)
  File "/home/viny/greenhunter/venv/lib/python3.11/site-packages/sqlalchemy/pool/impl.py", line 175, in _do_get
    return self._create_connection()
           ^^^^^^^^^^^^^^^^^^^^^^^^^
  File "/home/viny/greenhunter/venv/lib/python3.11/site-packages/sqlalchemy/pool/base.py", line 388, in _create_connection
    return _ConnectionRecord(self)
           ^^^^^^^^^^^^^^^^^^^^^^^
  File "/home/viny/greenhunter/venv/lib/python3.11/site-packages/sqlalchemy/pool/base.py", line 673, in __init__
    self.__connect()
  File "/home/viny/greenhunter/venv/lib/python3.11/site-packages/sqlalchemy/pool/base.py", line 913, in __connect
    )._exec_w_sync_on_first_run(self.dbapi_connection, self)
      ^^^^^^^^^^^^^^^^^^^^^^^^^^^^^^^^^^^^^^^^^^^^^^^^^^^^^^
  File "/home/viny/greenhunter/venv/lib/python3.11/site-packages/sqlalchemy/event/attr.py", line 501, in _exec_w_sync_on_first_run
    self(*args, **kw)
  File "/home/viny/greenhunter/venv/lib/python3.11/site-packages/sqlalchemy/event/attr.py", line 513, in __call__
    fn(*args, **kw)
  File "/home/viny/greenhunter/app/__init__.py", line 21, in _set_sqlite_pragma
    cursor.execute("PRAGMA journal_mode=WAL")
sqlalchemy.exc.DatabaseError: (sqlite3.DatabaseError) malformed database schema (undo_action) - invalid rootpage
(Background on this error at: https://sqlalche.me/e/20/4xp6)
Traceback (most recent call last):
  File "/home/viny/greenhunter/venv/bin/flask", line 8, in <module>
    sys.exit(main())
             ^^^^^^
  File "/home/viny/greenhunter/venv/lib/python3.11/site-packages/flask/cli.py", line 1064, in main
    cli.main()
  File "/home/viny/greenhunter/venv/lib/python3.11/site-packages/click/core.py", line 1406, in main
    rv = self.invoke(ctx)
         ^^^^^^^^^^^^^^^^
  File "/home/viny/greenhunter/venv/lib/python3.11/site-packages/click/core.py", line 1873, in invoke
    return _process_result(sub_ctx.command.invoke(sub_ctx))
                           ^^^^^^^^^^^^^^^^^^^^^^^^^^^^^^^
  File "/home/viny/greenhunter/venv/lib/python3.11/site-packages/click/core.py", line 1269, in invoke
    return ctx.invoke(self.callback, **ctx.params)
           ^^^^^^^^^^^^^^^^^^^^^^^^^^^^^^^^^^^^^^^
  File "/home/viny/greenhunter/venv/lib/python3.11/site-packages/click/core.py", line 824, in invoke
    return callback(*args, **kwargs)
           ^^^^^^^^^^^^^^^^^^^^^^^^^
  File "/home/viny/greenhunter/venv/lib/python3.11/site-packages/click/decorators.py", line 93, in new_func
    return ctx.invoke(f, obj, *args, **kwargs)
           ^^^^^^^^^^^^^^^^^^^^^^^^^^^^^^^^^^^
  File "/home/viny/greenhunter/venv/lib/python3.11/site-packages/click/core.py", line 824, in invoke
    return callback(*args, **kwargs)
           ^^^^^^^^^^^^^^^^^^^^^^^^^
  File "/home/viny/greenhunter/venv/lib/python3.11/site-packages/flask/cli.py", line 912, in run_command
    raise e from None
  File "/home/viny/greenhunter/venv/lib/python3.11/site-packages/flask/cli.py", line 898, in run_command
    app = info.load_app()
          ^^^^^^^^^^^^^^^
  File "/home/viny/greenhunter/venv/lib/python3.11/site-packages/flask/cli.py", line 309, in load_app
    app = locate_app(import_name, name)
          ^^^^^^^^^^^^^^^^^^^^^^^^^^^^^
  File "/home/viny/greenhunter/venv/lib/python3.11/site-packages/flask/cli.py", line 236, in locate_app
    return find_best_app(module)
           ^^^^^^^^^^^^^^^^^^^^^
  File "/home/viny/greenhunter/venv/lib/python3.11/site-packages/flask/cli.py", line 64, in find_best_app
    app = app_factory()
          ^^^^^^^^^^^^^
  File "/home/viny/greenhunter/app/__init__.py", line 102, in create_app
    db.create_all()
  File "/home/viny/greenhunter/venv/lib/python3.11/site-packages/flask_sqlalchemy/extension.py", line 900, in create_all
    self._call_for_binds(bind_key, "create_all")
  File "/home/viny/greenhunter/venv/lib/python3.11/site-packages/flask_sqlalchemy/extension.py", line 881, in _call_for_binds
    getattr(metadata, op_name)(bind=engine)
  File "/home/viny/greenhunter/venv/lib/python3.11/site-packages/sqlalchemy/sql/schema.py", line 5928, in create_all
    bind._run_ddl_visitor(
  File "/home/viny/greenhunter/venv/lib/python3.11/site-packages/sqlalchemy/engine/base.py", line 3259, in _run_ddl_visitor
    with self.begin() as conn:
  File "/usr/lib/python3.11/contextlib.py", line 137, in __enter__
    return next(self.gen)
           ^^^^^^^^^^^^^^
  File "/home/viny/greenhunter/venv/lib/python3.11/site-packages/sqlalchemy/engine/base.py", line 3249, in begin
    with self.connect() as conn:
         ^^^^^^^^^^^^^^
  File "/home/viny/greenhunter/venv/lib/python3.11/site-packages/sqlalchemy/engine/base.py", line 3285, in connect
    return self._connection_cls(self)
           ^^^^^^^^^^^^^^^^^^^^^^^^^^
  File "/home/viny/greenhunter/venv/lib/python3.11/site-packages/sqlalchemy/engine/base.py", line 145, in __init__
    Connection._handle_dbapi_exception_noconnection(
  File "/home/viny/greenhunter/venv/lib/python3.11/site-packages/sqlalchemy/engine/base.py", line 2448, in _handle_dbapi_exception_noconnection
    raise sqlalchemy_exception.with_traceback(exc_info[2]) from e
  File "/home/viny/greenhunter/venv/lib/python3.11/site-packages/sqlalchemy/engine/base.py", line 143, in __init__
    self._dbapi_connection = engine.raw_connection()
                             ^^^^^^^^^^^^^^^^^^^^^^^
  File "/home/viny/greenhunter/venv/lib/python3.11/site-packages/sqlalchemy/engine/base.py", line 3309, in raw_connection
    return self.pool.connect()
           ^^^^^^^^^^^^^^^^^^^
  File "/home/viny/greenhunter/venv/lib/python3.11/site-packages/sqlalchemy/pool/base.py", line 447, in connect
    return _ConnectionFairy._checkout(self)
           ^^^^^^^^^^^^^^^^^^^^^^^^^^^^^^^^
  File "/home/viny/greenhunter/venv/lib/python3.11/site-packages/sqlalchemy/pool/base.py", line 1264, in _checkout
    fairy = _ConnectionRecord.checkout(pool)
            ^^^^^^^^^^^^^^^^^^^^^^^^^^^^^^^^
  File "/home/viny/greenhunter/venv/lib/python3.11/site-packages/sqlalchemy/pool/base.py", line 711, in checkout
    rec = pool._do_get()
          ^^^^^^^^^^^^^^
  File "/home/viny/greenhunter/venv/lib/python3.11/site-packages/sqlalchemy/pool/impl.py", line 177, in _do_get
    with util.safe_reraise():
  File "/home/viny/greenhunter/venv/lib/python3.11/site-packages/sqlalchemy/util/langhelpers.py", line 224, in __exit__
    raise exc_value.with_traceback(exc_tb)
  File "/home/viny/greenhunter/venv/lib/python3.11/site-packages/sqlalchemy/pool/impl.py", line 175, in _do_get
    return self._create_connection()
           ^^^^^^^^^^^^^^^^^^^^^^^^^
  File "/home/viny/greenhunter/venv/lib/python3.11/site-packages/sqlalchemy/pool/base.py", line 388, in _create_connection
    return _ConnectionRecord(self)
           ^^^^^^^^^^^^^^^^^^^^^^^
  File "/home/viny/greenhunter/venv/lib/python3.11/site-packages/sqlalchemy/pool/base.py", line 673, in __init__
    self.__connect()
  File "/home/viny/greenhunter/venv/lib/python3.11/site-packages/sqlalchemy/pool/base.py", line 913, in __connect
    )._exec_w_sync_on_first_run(self.dbapi_connection, self)
      ^^^^^^^^^^^^^^^^^^^^^^^^^^^^^^^^^^^^^^^^^^^^^^^^^^^^^^
  File "/home/viny/greenhunter/venv/lib/python3.11/site-packages/sqlalchemy/event/attr.py", line 501, in _exec_w_sync_on_first_run
    self(*args, **kw)
  File "/home/viny/greenhunter/venv/lib/python3.11/site-packages/sqlalchemy/event/attr.py", line 513, in __call__
    fn(*args, **kw)
  File "/home/viny/greenhunter/app/__init__.py", line 21, in _set_sqlite_pragma
    cursor.execute("PRAGMA journal_mode=WAL")
sqlalchemy.exc.DatabaseError: (sqlite3.DatabaseError) malformed database schema (undo_action) - invalid rootpage
(Background on this error at: https://sqlalche.me/e/20/4xp6)
Traceback (most recent call last):
  File "/home/viny/greenhunter/venv/bin/flask", line 8, in <module>
    sys.exit(main())
             ^^^^^^
  File "/home/viny/greenhunter/venv/lib/python3.11/site-packages/flask/cli.py", line 1064, in main
    cli.main()
  File "/home/viny/greenhunter/venv/lib/python3.11/site-packages/click/core.py", line 1406, in main
    rv = self.invoke(ctx)
         ^^^^^^^^^^^^^^^^
  File "/home/viny/greenhunter/venv/lib/python3.11/site-packages/click/core.py", line 1873, in invoke
    return _process_result(sub_ctx.command.invoke(sub_ctx))
                           ^^^^^^^^^^^^^^^^^^^^^^^^^^^^^^^
  File "/home/viny/greenhunter/venv/lib/python3.11/site-packages/click/core.py", line 1269, in invoke
    return ctx.invoke(self.callback, **ctx.params)
           ^^^^^^^^^^^^^^^^^^^^^^^^^^^^^^^^^^^^^^^
  File "/home/viny/greenhunter/venv/lib/python3.11/site-packages/click/core.py", line 824, in invoke
    return callback(*args, **kwargs)
           ^^^^^^^^^^^^^^^^^^^^^^^^^
  File "/home/viny/greenhunter/venv/lib/python3.11/site-packages/click/decorators.py", line 93, in new_func
    return ctx.invoke(f, obj, *args, **kwargs)
           ^^^^^^^^^^^^^^^^^^^^^^^^^^^^^^^^^^^
  File "/home/viny/greenhunter/venv/lib/python3.11/site-packages/click/core.py", line 824, in invoke
    return callback(*args, **kwargs)
           ^^^^^^^^^^^^^^^^^^^^^^^^^
  File "/home/viny/greenhunter/venv/lib/python3.11/site-packages/flask/cli.py", line 912, in run_command
    raise e from None
  File "/home/viny/greenhunter/venv/lib/python3.11/site-packages/flask/cli.py", line 898, in run_command
    app = info.load_app()
          ^^^^^^^^^^^^^^^
  File "/home/viny/greenhunter/venv/lib/python3.11/site-packages/flask/cli.py", line 309, in load_app
    app = locate_app(import_name, name)
          ^^^^^^^^^^^^^^^^^^^^^^^^^^^^^
  File "/home/viny/greenhunter/venv/lib/python3.11/site-packages/flask/cli.py", line 236, in locate_app
    return find_best_app(module)
           ^^^^^^^^^^^^^^^^^^^^^
  File "/home/viny/greenhunter/venv/lib/python3.11/site-packages/flask/cli.py", line 64, in find_best_app
    app = app_factory()
          ^^^^^^^^^^^^^
  File "/home/viny/greenhunter/app/__init__.py", line 102, in create_app
    db.create_all()
  File "/home/viny/greenhunter/venv/lib/python3.11/site-packages/flask_sqlalchemy/extension.py", line 900, in create_all
    self._call_for_binds(bind_key, "create_all")
  File "/home/viny/greenhunter/venv/lib/python3.11/site-packages/flask_sqlalchemy/extension.py", line 881, in _call_for_binds
    getattr(metadata, op_name)(bind=engine)
  File "/home/viny/greenhunter/venv/lib/python3.11/site-packages/sqlalchemy/sql/schema.py", line 5928, in create_all
    bind._run_ddl_visitor(
  File "/home/viny/greenhunter/venv/lib/python3.11/site-packages/sqlalchemy/engine/base.py", line 3259, in _run_ddl_visitor
    with self.begin() as conn:
  File "/usr/lib/python3.11/contextlib.py", line 137, in __enter__
    return next(self.gen)
           ^^^^^^^^^^^^^^
  File "/home/viny/greenhunter/venv/lib/python3.11/site-packages/sqlalchemy/engine/base.py", line 3249, in begin
    with self.connect() as conn:
         ^^^^^^^^^^^^^^
  File "/home/viny/greenhunter/venv/lib/python3.11/site-packages/sqlalchemy/engine/base.py", line 3285, in connect
    return self._connection_cls(self)
           ^^^^^^^^^^^^^^^^^^^^^^^^^^
  File "/home/viny/greenhunter/venv/lib/python3.11/site-packages/sqlalchemy/engine/base.py", line 145, in __init__
    Connection._handle_dbapi_exception_noconnection(
  File "/home/viny/greenhunter/venv/lib/python3.11/site-packages/sqlalchemy/engine/base.py", line 2448, in _handle_dbapi_exception_noconnection
    raise sqlalchemy_exception.with_traceback(exc_info[2]) from e
  File "/home/viny/greenhunter/venv/lib/python3.11/site-packages/sqlalchemy/engine/base.py", line 143, in __init__
    self._dbapi_connection = engine.raw_connection()
                             ^^^^^^^^^^^^^^^^^^^^^^^
  File "/home/viny/greenhunter/venv/lib/python3.11/site-packages/sqlalchemy/engine/base.py", line 3309, in raw_connection
    return self.pool.connect()
           ^^^^^^^^^^^^^^^^^^^
  File "/home/viny/greenhunter/venv/lib/python3.11/site-packages/sqlalchemy/pool/base.py", line 447, in connect
    return _ConnectionFairy._checkout(self)
           ^^^^^^^^^^^^^^^^^^^^^^^^^^^^^^^^
  File "/home/viny/greenhunter/venv/lib/python3.11/site-packages/sqlalchemy/pool/base.py", line 1264, in _checkout
    fairy = _ConnectionRecord.checkout(pool)
            ^^^^^^^^^^^^^^^^^^^^^^^^^^^^^^^^
  File "/home/viny/greenhunter/venv/lib/python3.11/site-packages/sqlalchemy/pool/base.py", line 711, in checkout
    rec = pool._do_get()
          ^^^^^^^^^^^^^^
  File "/home/viny/greenhunter/venv/lib/python3.11/site-packages/sqlalchemy/pool/impl.py", line 177, in _do_get
    with util.safe_reraise():
  File "/home/viny/greenhunter/venv/lib/python3.11/site-packages/sqlalchemy/util/langhelpers.py", line 224, in __exit__
    raise exc_value.with_traceback(exc_tb)
  File "/home/viny/greenhunter/venv/lib/python3.11/site-packages/sqlalchemy/pool/impl.py", line 175, in _do_get
    return self._create_connection()
           ^^^^^^^^^^^^^^^^^^^^^^^^^
  File "/home/viny/greenhunter/venv/lib/python3.11/site-packages/sqlalchemy/pool/base.py", line 388, in _create_connection
    return _ConnectionRecord(self)
           ^^^^^^^^^^^^^^^^^^^^^^^
  File "/home/viny/greenhunter/venv/lib/python3.11/site-packages/sqlalchemy/pool/base.py", line 673, in __init__
    self.__connect()
  File "/home/viny/greenhunter/venv/lib/python3.11/site-packages/sqlalchemy/pool/base.py", line 913, in __connect
    )._exec_w_sync_on_first_run(self.dbapi_connection, self)
      ^^^^^^^^^^^^^^^^^^^^^^^^^^^^^^^^^^^^^^^^^^^^^^^^^^^^^^
  File "/home/viny/greenhunter/venv/lib/python3.11/site-packages/sqlalchemy/event/attr.py", line 501, in _exec_w_sync_on_first_run
    self(*args, **kw)
  File "/home/viny/greenhunter/venv/lib/python3.11/site-packages/sqlalchemy/event/attr.py", line 513, in __call__
    fn(*args, **kw)
  File "/home/viny/greenhunter/app/__init__.py", line 21, in _set_sqlite_pragma
    cursor.execute("PRAGMA journal_mode=WAL")
sqlalchemy.exc.DatabaseError: (sqlite3.DatabaseError) malformed database schema (undo_action) - invalid rootpage
(Background on this error at: https://sqlalche.me/e/20/4xp6)
Traceback (most recent call last):
  File "/home/viny/greenhunter/venv/bin/flask", line 8, in <module>
    sys.exit(main())
             ^^^^^^
  File "/home/viny/greenhunter/venv/lib/python3.11/site-packages/flask/cli.py", line 1064, in main
    cli.main()
  File "/home/viny/greenhunter/venv/lib/python3.11/site-packages/click/core.py", line 1406, in main
    rv = self.invoke(ctx)
         ^^^^^^^^^^^^^^^^
  File "/home/viny/greenhunter/venv/lib/python3.11/site-packages/click/core.py", line 1873, in invoke
    return _process_result(sub_ctx.command.invoke(sub_ctx))
                           ^^^^^^^^^^^^^^^^^^^^^^^^^^^^^^^
  File "/home/viny/greenhunter/venv/lib/python3.11/site-packages/click/core.py", line 1269, in invoke
    return ctx.invoke(self.callback, **ctx.params)
           ^^^^^^^^^^^^^^^^^^^^^^^^^^^^^^^^^^^^^^^
  File "/home/viny/greenhunter/venv/lib/python3.11/site-packages/click/core.py", line 824, in invoke
    return callback(*args, **kwargs)
           ^^^^^^^^^^^^^^^^^^^^^^^^^
  File "/home/viny/greenhunter/venv/lib/python3.11/site-packages/click/decorators.py", line 93, in new_func
    return ctx.invoke(f, obj, *args, **kwargs)
           ^^^^^^^^^^^^^^^^^^^^^^^^^^^^^^^^^^^
  File "/home/viny/greenhunter/venv/lib/python3.11/site-packages/click/core.py", line 824, in invoke
    return callback(*args, **kwargs)
           ^^^^^^^^^^^^^^^^^^^^^^^^^
  File "/home/viny/greenhunter/venv/lib/python3.11/site-packages/flask/cli.py", line 912, in run_command
    raise e from None
  File "/home/viny/greenhunter/venv/lib/python3.11/site-packages/flask/cli.py", line 898, in run_command
    app = info.load_app()
          ^^^^^^^^^^^^^^^
  File "/home/viny/greenhunter/venv/lib/python3.11/site-packages/flask/cli.py", line 309, in load_app
    app = locate_app(import_name, name)
          ^^^^^^^^^^^^^^^^^^^^^^^^^^^^^
  File "/home/viny/greenhunter/venv/lib/python3.11/site-packages/flask/cli.py", line 236, in locate_app
    return find_best_app(module)
           ^^^^^^^^^^^^^^^^^^^^^
  File "/home/viny/greenhunter/venv/lib/python3.11/site-packages/flask/cli.py", line 64, in find_best_app
    app = app_factory()
          ^^^^^^^^^^^^^
  File "/home/viny/greenhunter/app/__init__.py", line 102, in create_app
    db.create_all()
  File "/home/viny/greenhunter/venv/lib/python3.11/site-packages/flask_sqlalchemy/extension.py", line 900, in create_all
    self._call_for_binds(bind_key, "create_all")
  File "/home/viny/greenhunter/venv/lib/python3.11/site-packages/flask_sqlalchemy/extension.py", line 881, in _call_for_binds
    getattr(metadata, op_name)(bind=engine)
  File "/home/viny/greenhunter/venv/lib/python3.11/site-packages/sqlalchemy/sql/schema.py", line 5928, in create_all
    bind._run_ddl_visitor(
  File "/home/viny/greenhunter/venv/lib/python3.11/site-packages/sqlalchemy/engine/base.py", line 3259, in _run_ddl_visitor
    with self.begin() as conn:
  File "/usr/lib/python3.11/contextlib.py", line 137, in __enter__
    return next(self.gen)
           ^^^^^^^^^^^^^^
  File "/home/viny/greenhunter/venv/lib/python3.11/site-packages/sqlalchemy/engine/base.py", line 3249, in begin
    with self.connect() as conn:
         ^^^^^^^^^^^^^^
  File "/home/viny/greenhunter/venv/lib/python3.11/site-packages/sqlalchemy/engine/base.py", line 3285, in connect
    return self._connection_cls(self)
           ^^^^^^^^^^^^^^^^^^^^^^^^^^
  File "/home/viny/greenhunter/venv/lib/python3.11/site-packages/sqlalchemy/engine/base.py", line 145, in __init__
    Connection._handle_dbapi_exception_noconnection(
  File "/home/viny/greenhunter/venv/lib/python3.11/site-packages/sqlalchemy/engine/base.py", line 2448, in _handle_dbapi_exception_noconnection
    raise sqlalchemy_exception.with_traceback(exc_info[2]) from e
  File "/home/viny/greenhunter/venv/lib/python3.11/site-packages/sqlalchemy/engine/base.py", line 143, in __init__
    self._dbapi_connection = engine.raw_connection()
                             ^^^^^^^^^^^^^^^^^^^^^^^
  File "/home/viny/greenhunter/venv/lib/python3.11/site-packages/sqlalchemy/engine/base.py", line 3309, in raw_connection
    return self.pool.connect()
           ^^^^^^^^^^^^^^^^^^^
  File "/home/viny/greenhunter/venv/lib/python3.11/site-packages/sqlalchemy/pool/base.py", line 447, in connect
    return _ConnectionFairy._checkout(self)
           ^^^^^^^^^^^^^^^^^^^^^^^^^^^^^^^^
  File "/home/viny/greenhunter/venv/lib/python3.11/site-packages/sqlalchemy/pool/base.py", line 1264, in _checkout
    fairy = _ConnectionRecord.checkout(pool)
            ^^^^^^^^^^^^^^^^^^^^^^^^^^^^^^^^
  File "/home/viny/greenhunter/venv/lib/python3.11/site-packages/sqlalchemy/pool/base.py", line 711, in checkout
    rec = pool._do_get()
          ^^^^^^^^^^^^^^
  File "/home/viny/greenhunter/venv/lib/python3.11/site-packages/sqlalchemy/pool/impl.py", line 177, in _do_get
    with util.safe_reraise():
  File "/home/viny/greenhunter/venv/lib/python3.11/site-packages/sqlalchemy/util/langhelpers.py", line 224, in __exit__
    raise exc_value.with_traceback(exc_tb)
  File "/home/viny/greenhunter/venv/lib/python3.11/site-packages/sqlalchemy/pool/impl.py", line 175, in _do_get
    return self._create_connection()
           ^^^^^^^^^^^^^^^^^^^^^^^^^
  File "/home/viny/greenhunter/venv/lib/python3.11/site-packages/sqlalchemy/pool/base.py", line 388, in _create_connection
    return _ConnectionRecord(self)
           ^^^^^^^^^^^^^^^^^^^^^^^
  File "/home/viny/greenhunter/venv/lib/python3.11/site-packages/sqlalchemy/pool/base.py", line 673, in __init__
    self.__connect()
  File "/home/viny/greenhunter/venv/lib/python3.11/site-packages/sqlalchemy/pool/base.py", line 913, in __connect
    )._exec_w_sync_on_first_run(self.dbapi_connection, self)
      ^^^^^^^^^^^^^^^^^^^^^^^^^^^^^^^^^^^^^^^^^^^^^^^^^^^^^^
  File "/home/viny/greenhunter/venv/lib/python3.11/site-packages/sqlalchemy/event/attr.py", line 501, in _exec_w_sync_on_first_run
    self(*args, **kw)
  File "/home/viny/greenhunter/venv/lib/python3.11/site-packages/sqlalchemy/event/attr.py", line 513, in __call__
    fn(*args, **kw)
  File "/home/viny/greenhunter/app/__init__.py", line 21, in _set_sqlite_pragma
    cursor.execute("PRAGMA journal_mode=WAL")
sqlalchemy.exc.DatabaseError: (sqlite3.DatabaseError) malformed database schema (undo_action) - invalid rootpage
(Background on this error at: https://sqlalche.me/e/20/4xp6)
Traceback (most recent call last):
  File "/home/viny/greenhunter/venv/bin/flask", line 8, in <module>
    sys.exit(main())
             ^^^^^^
  File "/home/viny/greenhunter/venv/lib/python3.11/site-packages/flask/cli.py", line 1064, in main
    cli.main()
  File "/home/viny/greenhunter/venv/lib/python3.11/site-packages/click/core.py", line 1406, in main
    rv = self.invoke(ctx)
         ^^^^^^^^^^^^^^^^
  File "/home/viny/greenhunter/venv/lib/python3.11/site-packages/click/core.py", line 1873, in invoke
    return _process_result(sub_ctx.command.invoke(sub_ctx))
                           ^^^^^^^^^^^^^^^^^^^^^^^^^^^^^^^
  File "/home/viny/greenhunter/venv/lib/python3.11/site-packages/click/core.py", line 1269, in invoke
    return ctx.invoke(self.callback, **ctx.params)
           ^^^^^^^^^^^^^^^^^^^^^^^^^^^^^^^^^^^^^^^
  File "/home/viny/greenhunter/venv/lib/python3.11/site-packages/click/core.py", line 824, in invoke
    return callback(*args, **kwargs)
           ^^^^^^^^^^^^^^^^^^^^^^^^^
  File "/home/viny/greenhunter/venv/lib/python3.11/site-packages/click/decorators.py", line 93, in new_func
    return ctx.invoke(f, obj, *args, **kwargs)
           ^^^^^^^^^^^^^^^^^^^^^^^^^^^^^^^^^^^
  File "/home/viny/greenhunter/venv/lib/python3.11/site-packages/click/core.py", line 824, in invoke
    return callback(*args, **kwargs)
           ^^^^^^^^^^^^^^^^^^^^^^^^^
  File "/home/viny/greenhunter/venv/lib/python3.11/site-packages/flask/cli.py", line 912, in run_command
    raise e from None
  File "/home/viny/greenhunter/venv/lib/python3.11/site-packages/flask/cli.py", line 898, in run_command
    app = info.load_app()
          ^^^^^^^^^^^^^^^
  File "/home/viny/greenhunter/venv/lib/python3.11/site-packages/flask/cli.py", line 309, in load_app
    app = locate_app(import_name, name)
          ^^^^^^^^^^^^^^^^^^^^^^^^^^^^^
  File "/home/viny/greenhunter/venv/lib/python3.11/site-packages/flask/cli.py", line 236, in locate_app
    return find_best_app(module)
           ^^^^^^^^^^^^^^^^^^^^^
  File "/home/viny/greenhunter/venv/lib/python3.11/site-packages/flask/cli.py", line 64, in find_best_app
    app = app_factory()
          ^^^^^^^^^^^^^
  File "/home/viny/greenhunter/app/__init__.py", line 102, in create_app
    db.create_all()
  File "/home/viny/greenhunter/venv/lib/python3.11/site-packages/flask_sqlalchemy/extension.py", line 900, in create_all
    self._call_for_binds(bind_key, "create_all")
  File "/home/viny/greenhunter/venv/lib/python3.11/site-packages/flask_sqlalchemy/extension.py", line 881, in _call_for_binds
    getattr(metadata, op_name)(bind=engine)
  File "/home/viny/greenhunter/venv/lib/python3.11/site-packages/sqlalchemy/sql/schema.py", line 5928, in create_all
    bind._run_ddl_visitor(
  File "/home/viny/greenhunter/venv/lib/python3.11/site-packages/sqlalchemy/engine/base.py", line 3259, in _run_ddl_visitor
    with self.begin() as conn:
  File "/usr/lib/python3.11/contextlib.py", line 137, in __enter__
    return next(self.gen)
           ^^^^^^^^^^^^^^
  File "/home/viny/greenhunter/venv/lib/python3.11/site-packages/sqlalchemy/engine/base.py", line 3249, in begin
    with self.connect() as conn:
         ^^^^^^^^^^^^^^
  File "/home/viny/greenhunter/venv/lib/python3.11/site-packages/sqlalchemy/engine/base.py", line 3285, in connect
    return self._connection_cls(self)
           ^^^^^^^^^^^^^^^^^^^^^^^^^^
  File "/home/viny/greenhunter/venv/lib/python3.11/site-packages/sqlalchemy/engine/base.py", line 145, in __init__
    Connection._handle_dbapi_exception_noconnection(
  File "/home/viny/greenhunter/venv/lib/python3.11/site-packages/sqlalchemy/engine/base.py", line 2448, in _handle_dbapi_exception_noconnection
    raise sqlalchemy_exception.with_traceback(exc_info[2]) from e
  File "/home/viny/greenhunter/venv/lib/python3.11/site-packages/sqlalchemy/engine/base.py", line 143, in __init__
    self._dbapi_connection = engine.raw_connection()
                             ^^^^^^^^^^^^^^^^^^^^^^^
  File "/home/viny/greenhunter/venv/lib/python3.11/site-packages/sqlalchemy/engine/base.py", line 3309, in raw_connection
    return self.pool.connect()
           ^^^^^^^^^^^^^^^^^^^
  File "/home/viny/greenhunter/venv/lib/python3.11/site-packages/sqlalchemy/pool/base.py", line 447, in connect
    return _ConnectionFairy._checkout(self)
           ^^^^^^^^^^^^^^^^^^^^^^^^^^^^^^^^
  File "/home/viny/greenhunter/venv/lib/python3.11/site-packages/sqlalchemy/pool/base.py", line 1264, in _checkout
    fairy = _ConnectionRecord.checkout(pool)
            ^^^^^^^^^^^^^^^^^^^^^^^^^^^^^^^^
  File "/home/viny/greenhunter/venv/lib/python3.11/site-packages/sqlalchemy/pool/base.py", line 711, in checkout
    rec = pool._do_get()
          ^^^^^^^^^^^^^^
  File "/home/viny/greenhunter/venv/lib/python3.11/site-packages/sqlalchemy/pool/impl.py", line 177, in _do_get
    with util.safe_reraise():
  File "/home/viny/greenhunter/venv/lib/python3.11/site-packages/sqlalchemy/util/langhelpers.py", line 224, in __exit__
    raise exc_value.with_traceback(exc_tb)
  File "/home/viny/greenhunter/venv/lib/python3.11/site-packages/sqlalchemy/pool/impl.py", line 175, in _do_get
    return self._create_connection()
           ^^^^^^^^^^^^^^^^^^^^^^^^^
  File "/home/viny/greenhunter/venv/lib/python3.11/site-packages/sqlalchemy/pool/base.py", line 388, in _create_connection
    return _ConnectionRecord(self)
           ^^^^^^^^^^^^^^^^^^^^^^^
  File "/home/viny/greenhunter/venv/lib/python3.11/site-packages/sqlalchemy/pool/base.py", line 673, in __init__
    self.__connect()
  File "/home/viny/greenhunter/venv/lib/python3.11/site-packages/sqlalchemy/pool/base.py", line 913, in __connect
    )._exec_w_sync_on_first_run(self.dbapi_connection, self)
      ^^^^^^^^^^^^^^^^^^^^^^^^^^^^^^^^^^^^^^^^^^^^^^^^^^^^^^
  File "/home/viny/greenhunter/venv/lib/python3.11/site-packages/sqlalchemy/event/attr.py", line 501, in _exec_w_sync_on_first_run
    self(*args, **kw)
  File "/home/viny/greenhunter/venv/lib/python3.11/site-packages/sqlalchemy/event/attr.py", line 513, in __call__
    fn(*args, **kw)
  File "/home/viny/greenhunter/app/__init__.py", line 21, in _set_sqlite_pragma
    cursor.execute("PRAGMA journal_mode=WAL")
sqlalchemy.exc.DatabaseError: (sqlite3.DatabaseError) malformed database schema (undo_action) - invalid rootpage
(Background on this error at: https://sqlalche.me/e/20/4xp6)
Traceback (most recent call last):
  File "/home/viny/greenhunter/venv/bin/flask", line 8, in <module>
    sys.exit(main())
             ^^^^^^
  File "/home/viny/greenhunter/venv/lib/python3.11/site-packages/flask/cli.py", line 1064, in main
    cli.main()
  File "/home/viny/greenhunter/venv/lib/python3.11/site-packages/click/core.py", line 1406, in main
    rv = self.invoke(ctx)
         ^^^^^^^^^^^^^^^^
  File "/home/viny/greenhunter/venv/lib/python3.11/site-packages/click/core.py", line 1873, in invoke
    return _process_result(sub_ctx.command.invoke(sub_ctx))
                           ^^^^^^^^^^^^^^^^^^^^^^^^^^^^^^^
  File "/home/viny/greenhunter/venv/lib/python3.11/site-packages/click/core.py", line 1269, in invoke
    return ctx.invoke(self.callback, **ctx.params)
           ^^^^^^^^^^^^^^^^^^^^^^^^^^^^^^^^^^^^^^^
  File "/home/viny/greenhunter/venv/lib/python3.11/site-packages/click/core.py", line 824, in invoke
    return callback(*args, **kwargs)
           ^^^^^^^^^^^^^^^^^^^^^^^^^
  File "/home/viny/greenhunter/venv/lib/python3.11/site-packages/click/decorators.py", line 93, in new_func
    return ctx.invoke(f, obj, *args, **kwargs)
           ^^^^^^^^^^^^^^^^^^^^^^^^^^^^^^^^^^^
  File "/home/viny/greenhunter/venv/lib/python3.11/site-packages/click/core.py", line 824, in invoke
    return callback(*args, **kwargs)
           ^^^^^^^^^^^^^^^^^^^^^^^^^
  File "/home/viny/greenhunter/venv/lib/python3.11/site-packages/flask/cli.py", line 912, in run_command
    raise e from None
  File "/home/viny/greenhunter/venv/lib/python3.11/site-packages/flask/cli.py", line 898, in run_command
    app = info.load_app()
          ^^^^^^^^^^^^^^^
  File "/home/viny/greenhunter/venv/lib/python3.11/site-packages/flask/cli.py", line 309, in load_app
    app = locate_app(import_name, name)
          ^^^^^^^^^^^^^^^^^^^^^^^^^^^^^
  File "/home/viny/greenhunter/venv/lib/python3.11/site-packages/flask/cli.py", line 236, in locate_app
    return find_best_app(module)
           ^^^^^^^^^^^^^^^^^^^^^
  File "/home/viny/greenhunter/venv/lib/python3.11/site-packages/flask/cli.py", line 64, in find_best_app
    app = app_factory()
          ^^^^^^^^^^^^^
  File "/home/viny/greenhunter/app/__init__.py", line 102, in create_app
    db.create_all()
  File "/home/viny/greenhunter/venv/lib/python3.11/site-packages/flask_sqlalchemy/extension.py", line 900, in create_all
    self._call_for_binds(bind_key, "create_all")
  File "/home/viny/greenhunter/venv/lib/python3.11/site-packages/flask_sqlalchemy/extension.py", line 881, in _call_for_binds
    getattr(metadata, op_name)(bind=engine)
  File "/home/viny/greenhunter/venv/lib/python3.11/site-packages/sqlalchemy/sql/schema.py", line 5928, in create_all
    bind._run_ddl_visitor(
  File "/home/viny/greenhunter/venv/lib/python3.11/site-packages/sqlalchemy/engine/base.py", line 3259, in _run_ddl_visitor
    with self.begin() as conn:
  File "/usr/lib/python3.11/contextlib.py", line 137, in __enter__
    return next(self.gen)
           ^^^^^^^^^^^^^^
  File "/home/viny/greenhunter/venv/lib/python3.11/site-packages/sqlalchemy/engine/base.py", line 3249, in begin
    with self.connect() as conn:
         ^^^^^^^^^^^^^^
  File "/home/viny/greenhunter/venv/lib/python3.11/site-packages/sqlalchemy/engine/base.py", line 3285, in connect
    return self._connection_cls(self)
           ^^^^^^^^^^^^^^^^^^^^^^^^^^
  File "/home/viny/greenhunter/venv/lib/python3.11/site-packages/sqlalchemy/engine/base.py", line 145, in __init__
    Connection._handle_dbapi_exception_noconnection(
  File "/home/viny/greenhunter/venv/lib/python3.11/site-packages/sqlalchemy/engine/base.py", line 2448, in _handle_dbapi_exception_noconnection
    raise sqlalchemy_exception.with_traceback(exc_info[2]) from e
  File "/home/viny/greenhunter/venv/lib/python3.11/site-packages/sqlalchemy/engine/base.py", line 143, in __init__
    self._dbapi_connection = engine.raw_connection()
                             ^^^^^^^^^^^^^^^^^^^^^^^
  File "/home/viny/greenhunter/venv/lib/python3.11/site-packages/sqlalchemy/engine/base.py", line 3309, in raw_connection
    return self.pool.connect()
           ^^^^^^^^^^^^^^^^^^^
  File "/home/viny/greenhunter/venv/lib/python3.11/site-packages/sqlalchemy/pool/base.py", line 447, in connect
    return _ConnectionFairy._checkout(self)
           ^^^^^^^^^^^^^^^^^^^^^^^^^^^^^^^^
  File "/home/viny/greenhunter/venv/lib/python3.11/site-packages/sqlalchemy/pool/base.py", line 1264, in _checkout
    fairy = _ConnectionRecord.checkout(pool)
            ^^^^^^^^^^^^^^^^^^^^^^^^^^^^^^^^
  File "/home/viny/greenhunter/venv/lib/python3.11/site-packages/sqlalchemy/pool/base.py", line 711, in checkout
    rec = pool._do_get()
          ^^^^^^^^^^^^^^
  File "/home/viny/greenhunter/venv/lib/python3.11/site-packages/sqlalchemy/pool/impl.py", line 177, in _do_get
    with util.safe_reraise():
  File "/home/viny/greenhunter/venv/lib/python3.11/site-packages/sqlalchemy/util/langhelpers.py", line 224, in __exit__
    raise exc_value.with_traceback(exc_tb)
  File "/home/viny/greenhunter/venv/lib/python3.11/site-packages/sqlalchemy/pool/impl.py", line 175, in _do_get
    return self._create_connection()
           ^^^^^^^^^^^^^^^^^^^^^^^^^
  File "/home/viny/greenhunter/venv/lib/python3.11/site-packages/sqlalchemy/pool/base.py", line 388, in _create_connection
    return _ConnectionRecord(self)
           ^^^^^^^^^^^^^^^^^^^^^^^
  File "/home/viny/greenhunter/venv/lib/python3.11/site-packages/sqlalchemy/pool/base.py", line 673, in __init__
    self.__connect()
  File "/home/viny/greenhunter/venv/lib/python3.11/site-packages/sqlalchemy/pool/base.py", line 913, in __connect
    )._exec_w_sync_on_first_run(self.dbapi_connection, self)
      ^^^^^^^^^^^^^^^^^^^^^^^^^^^^^^^^^^^^^^^^^^^^^^^^^^^^^^
  File "/home/viny/greenhunter/venv/lib/python3.11/site-packages/sqlalchemy/event/attr.py", line 501, in _exec_w_sync_on_first_run
    self(*args, **kw)
  File "/home/viny/greenhunter/venv/lib/python3.11/site-packages/sqlalchemy/event/attr.py", line 513, in __call__
    fn(*args, **kw)
  File "/home/viny/greenhunter/app/__init__.py", line 21, in _set_sqlite_pragma
    cursor.execute("PRAGMA journal_mode=WAL")
sqlalchemy.exc.DatabaseError: (sqlite3.DatabaseError) malformed database schema (undo_action) - invalid rootpage
(Background on this error at: https://sqlalche.me/e/20/4xp6)
Traceback (most recent call last):
  File "/home/viny/greenhunter/venv/bin/flask", line 8, in <module>
    sys.exit(main())
             ^^^^^^
  File "/home/viny/greenhunter/venv/lib/python3.11/site-packages/flask/cli.py", line 1064, in main
    cli.main()
  File "/home/viny/greenhunter/venv/lib/python3.11/site-packages/click/core.py", line 1406, in main
    rv = self.invoke(ctx)
         ^^^^^^^^^^^^^^^^
  File "/home/viny/greenhunter/venv/lib/python3.11/site-packages/click/core.py", line 1873, in invoke
    return _process_result(sub_ctx.command.invoke(sub_ctx))
                           ^^^^^^^^^^^^^^^^^^^^^^^^^^^^^^^
  File "/home/viny/greenhunter/venv/lib/python3.11/site-packages/click/core.py", line 1269, in invoke
    return ctx.invoke(self.callback, **ctx.params)
           ^^^^^^^^^^^^^^^^^^^^^^^^^^^^^^^^^^^^^^^
  File "/home/viny/greenhunter/venv/lib/python3.11/site-packages/click/core.py", line 824, in invoke
    return callback(*args, **kwargs)
           ^^^^^^^^^^^^^^^^^^^^^^^^^
  File "/home/viny/greenhunter/venv/lib/python3.11/site-packages/click/decorators.py", line 93, in new_func
    return ctx.invoke(f, obj, *args, **kwargs)
           ^^^^^^^^^^^^^^^^^^^^^^^^^^^^^^^^^^^
  File "/home/viny/greenhunter/venv/lib/python3.11/site-packages/click/core.py", line 824, in invoke
    return callback(*args, **kwargs)
           ^^^^^^^^^^^^^^^^^^^^^^^^^
  File "/home/viny/greenhunter/venv/lib/python3.11/site-packages/flask/cli.py", line 912, in run_command
    raise e from None
  File "/home/viny/greenhunter/venv/lib/python3.11/site-packages/flask/cli.py", line 898, in run_command
    app = info.load_app()
          ^^^^^^^^^^^^^^^
  File "/home/viny/greenhunter/venv/lib/python3.11/site-packages/flask/cli.py", line 309, in load_app
    app = locate_app(import_name, name)
          ^^^^^^^^^^^^^^^^^^^^^^^^^^^^^
  File "/home/viny/greenhunter/venv/lib/python3.11/site-packages/flask/cli.py", line 236, in locate_app
    return find_best_app(module)
           ^^^^^^^^^^^^^^^^^^^^^
  File "/home/viny/greenhunter/venv/lib/python3.11/site-packages/flask/cli.py", line 64, in find_best_app
    app = app_factory()
          ^^^^^^^^^^^^^
  File "/home/viny/greenhunter/app/__init__.py", line 102, in create_app
    db.create_all()
  File "/home/viny/greenhunter/venv/lib/python3.11/site-packages/flask_sqlalchemy/extension.py", line 900, in create_all
    self._call_for_binds(bind_key, "create_all")
  File "/home/viny/greenhunter/venv/lib/python3.11/site-packages/flask_sqlalchemy/extension.py", line 881, in _call_for_binds
    getattr(metadata, op_name)(bind=engine)
  File "/home/viny/greenhunter/venv/lib/python3.11/site-packages/sqlalchemy/sql/schema.py", line 5928, in create_all
    bind._run_ddl_visitor(
  File "/home/viny/greenhunter/venv/lib/python3.11/site-packages/sqlalchemy/engine/base.py", line 3259, in _run_ddl_visitor
    with self.begin() as conn:
  File "/usr/lib/python3.11/contextlib.py", line 137, in __enter__
    return next(self.gen)
           ^^^^^^^^^^^^^^
  File "/home/viny/greenhunter/venv/lib/python3.11/site-packages/sqlalchemy/engine/base.py", line 3249, in begin
    with self.connect() as conn:
         ^^^^^^^^^^^^^^
  File "/home/viny/greenhunter/venv/lib/python3.11/site-packages/sqlalchemy/engine/base.py", line 3285, in connect
    return self._connection_cls(self)
           ^^^^^^^^^^^^^^^^^^^^^^^^^^
  File "/home/viny/greenhunter/venv/lib/python3.11/site-packages/sqlalchemy/engine/base.py", line 145, in __init__
    Connection._handle_dbapi_exception_noconnection(
  File "/home/viny/greenhunter/venv/lib/python3.11/site-packages/sqlalchemy/engine/base.py", line 2448, in _handle_dbapi_exception_noconnection
    raise sqlalchemy_exception.with_traceback(exc_info[2]) from e
  File "/home/viny/greenhunter/venv/lib/python3.11/site-packages/sqlalchemy/engine/base.py", line 143, in __init__
    self._dbapi_connection = engine.raw_connection()
                             ^^^^^^^^^^^^^^^^^^^^^^^
  File "/home/viny/greenhunter/venv/lib/python3.11/site-packages/sqlalchemy/engine/base.py", line 3309, in raw_connection
    return self.pool.connect()
           ^^^^^^^^^^^^^^^^^^^
  File "/home/viny/greenhunter/venv/lib/python3.11/site-packages/sqlalchemy/pool/base.py", line 447, in connect
    return _ConnectionFairy._checkout(self)
           ^^^^^^^^^^^^^^^^^^^^^^^^^^^^^^^^
  File "/home/viny/greenhunter/venv/lib/python3.11/site-packages/sqlalchemy/pool/base.py", line 1264, in _checkout
    fairy = _ConnectionRecord.checkout(pool)
            ^^^^^^^^^^^^^^^^^^^^^^^^^^^^^^^^
  File "/home/viny/greenhunter/venv/lib/python3.11/site-packages/sqlalchemy/pool/base.py", line 711, in checkout
    rec = pool._do_get()
          ^^^^^^^^^^^^^^
  File "/home/viny/greenhunter/venv/lib/python3.11/site-packages/sqlalchemy/pool/impl.py", line 177, in _do_get
    with util.safe_reraise():
  File "/home/viny/greenhunter/venv/lib/python3.11/site-packages/sqlalchemy/util/langhelpers.py", line 224, in __exit__
    raise exc_value.with_traceback(exc_tb)
  File "/home/viny/greenhunter/venv/lib/python3.11/site-packages/sqlalchemy/pool/impl.py", line 175, in _do_get
    return self._create_connection()
           ^^^^^^^^^^^^^^^^^^^^^^^^^
  File "/home/viny/greenhunter/venv/lib/python3.11/site-packages/sqlalchemy/pool/base.py", line 388, in _create_connection
    return _ConnectionRecord(self)
           ^^^^^^^^^^^^^^^^^^^^^^^
  File "/home/viny/greenhunter/venv/lib/python3.11/site-packages/sqlalchemy/pool/base.py", line 673, in __init__
    self.__connect()
  File "/home/viny/greenhunter/venv/lib/python3.11/site-packages/sqlalchemy/pool/base.py", line 913, in __connect
    )._exec_w_sync_on_first_run(self.dbapi_connection, self)
      ^^^^^^^^^^^^^^^^^^^^^^^^^^^^^^^^^^^^^^^^^^^^^^^^^^^^^^
  File "/home/viny/greenhunter/venv/lib/python3.11/site-packages/sqlalchemy/event/attr.py", line 501, in _exec_w_sync_on_first_run
    self(*args, **kw)
  File "/home/viny/greenhunter/venv/lib/python3.11/site-packages/sqlalchemy/event/attr.py", line 513, in __call__
    fn(*args, **kw)
  File "/home/viny/greenhunter/app/__init__.py", line 21, in _set_sqlite_pragma
    cursor.execute("PRAGMA journal_mode=WAL")
sqlalchemy.exc.DatabaseError: (sqlite3.DatabaseError) malformed database schema (undo_action) - invalid rootpage
(Background on this error at: https://sqlalche.me/e/20/4xp6)
 * Serving Flask app 'app'
 * Debug mode: off
Traceback (most recent call last):
  File "/home/viny/greenhunter/venv/bin/flask", line 8, in <module>
    sys.exit(main())
             ^^^^^^
  File "/home/viny/greenhunter/venv/lib/python3.11/site-packages/flask/cli.py", line 1064, in main
    cli.main()
  File "/home/viny/greenhunter/venv/lib/python3.11/site-packages/click/core.py", line 1406, in main
    rv = self.invoke(ctx)
         ^^^^^^^^^^^^^^^^
  File "/home/viny/greenhunter/venv/lib/python3.11/site-packages/click/core.py", line 1873, in invoke
    return _process_result(sub_ctx.command.invoke(sub_ctx))
                           ^^^^^^^^^^^^^^^^^^^^^^^^^^^^^^^
  File "/home/viny/greenhunter/venv/lib/python3.11/site-packages/click/core.py", line 1269, in invoke
    return ctx.invoke(self.callback, **ctx.params)
           ^^^^^^^^^^^^^^^^^^^^^^^^^^^^^^^^^^^^^^^
  File "/home/viny/greenhunter/venv/lib/python3.11/site-packages/click/core.py", line 824, in invoke
    return callback(*args, **kwargs)
           ^^^^^^^^^^^^^^^^^^^^^^^^^
  File "/home/viny/greenhunter/venv/lib/python3.11/site-packages/click/decorators.py", line 93, in new_func
    return ctx.invoke(f, obj, *args, **kwargs)
           ^^^^^^^^^^^^^^^^^^^^^^^^^^^^^^^^^^^
  File "/home/viny/greenhunter/venv/lib/python3.11/site-packages/click/core.py", line 824, in invoke
    return callback(*args, **kwargs)
           ^^^^^^^^^^^^^^^^^^^^^^^^^
  File "/home/viny/greenhunter/venv/lib/python3.11/site-packages/flask/cli.py", line 924, in run_command
    run_simple(
  File "/home/viny/greenhunter/venv/lib/python3.11/site-packages/werkzeug/serving.py", line 1093, in run_simple
    srv = make_server(
          ^^^^^^^^^^^^
  File "/home/viny/greenhunter/venv/lib/python3.11/site-packages/werkzeug/serving.py", line 930, in make_server
    return ThreadedWSGIServer(
           ^^^^^^^^^^^^^^^^^^^
  File "/home/viny/greenhunter/venv/lib/python3.11/site-packages/werkzeug/serving.py", line 750, in __init__
    super().__init__(
  File "/usr/lib/python3.11/socketserver.py", line 452, in __init__
    self.socket = socket.socket(self.address_family,
                  ^^^^^^^^^^^^^^^^^^^^^^^^^^^^^^^^^^
  File "/usr/lib/python3.11/socket.py", line 232, in __init__
    _socket.socket.__init__(self, family, type, proto, fileno)
PermissionError: [Errno 1] Operation not permitted
 * Serving Flask app 'app'
 * Debug mode: off
Traceback (most recent call last):
  File "/home/viny/greenhunter/venv/bin/flask", line 8, in <module>
    sys.exit(main())
             ^^^^^^
  File "/home/viny/greenhunter/venv/lib/python3.11/site-packages/flask/cli.py", line 1064, in main
    cli.main()
  File "/home/viny/greenhunter/venv/lib/python3.11/site-packages/click/core.py", line 1406, in main
    rv = self.invoke(ctx)
         ^^^^^^^^^^^^^^^^
  File "/home/viny/greenhunter/venv/lib/python3.11/site-packages/click/core.py", line 1873, in invoke
    return _process_result(sub_ctx.command.invoke(sub_ctx))
                           ^^^^^^^^^^^^^^^^^^^^^^^^^^^^^^^
  File "/home/viny/greenhunter/venv/lib/python3.11/site-packages/click/core.py", line 1269, in invoke
    return ctx.invoke(self.callback, **ctx.params)
           ^^^^^^^^^^^^^^^^^^^^^^^^^^^^^^^^^^^^^^^
  File "/home/viny/greenhunter/venv/lib/python3.11/site-packages/click/core.py", line 824, in invoke
    return callback(*args, **kwargs)
           ^^^^^^^^^^^^^^^^^^^^^^^^^
  File "/home/viny/greenhunter/venv/lib/python3.11/site-packages/click/decorators.py", line 93, in new_func
    return ctx.invoke(f, obj, *args, **kwargs)
           ^^^^^^^^^^^^^^^^^^^^^^^^^^^^^^^^^^^
  File "/home/viny/greenhunter/venv/lib/python3.11/site-packages/click/core.py", line 824, in invoke
    return callback(*args, **kwargs)
           ^^^^^^^^^^^^^^^^^^^^^^^^^
  File "/home/viny/greenhunter/venv/lib/python3.11/site-packages/flask/cli.py", line 924, in run_command
    run_simple(
  File "/home/viny/greenhunter/venv/lib/python3.11/site-packages/werkzeug/serving.py", line 1093, in run_simple
    srv = make_server(
          ^^^^^^^^^^^^
  File "/home/viny/greenhunter/venv/lib/python3.11/site-packages/werkzeug/serving.py", line 930, in make_server
    return ThreadedWSGIServer(
           ^^^^^^^^^^^^^^^^^^^
  File "/home/viny/greenhunter/venv/lib/python3.11/site-packages/werkzeug/serving.py", line 750, in __init__
    super().__init__(
  File "/usr/lib/python3.11/socketserver.py", line 452, in __init__
    self.socket = socket.socket(self.address_family,
                  ^^^^^^^^^^^^^^^^^^^^^^^^^^^^^^^^^^
  File "/usr/lib/python3.11/socket.py", line 232, in __init__
    _socket.socket.__init__(self, family, type, proto, fileno)
PermissionError: [Errno 1] Operation not permitted
 * Serving Flask app 'app'
 * Debug mode: off
Traceback (most recent call last):
  File "/home/viny/greenhunter/venv/bin/flask", line 8, in <module>
    sys.exit(main())
             ^^^^^^
  File "/home/viny/greenhunter/venv/lib/python3.11/site-packages/flask/cli.py", line 1064, in main
    cli.main()
  File "/home/viny/greenhunter/venv/lib/python3.11/site-packages/click/core.py", line 1406, in main
    rv = self.invoke(ctx)
         ^^^^^^^^^^^^^^^^
  File "/home/viny/greenhunter/venv/lib/python3.11/site-packages/click/core.py", line 1873, in invoke
    return _process_result(sub_ctx.command.invoke(sub_ctx))
                           ^^^^^^^^^^^^^^^^^^^^^^^^^^^^^^^
  File "/home/viny/greenhunter/venv/lib/python3.11/site-packages/click/core.py", line 1269, in invoke
    return ctx.invoke(self.callback, **ctx.params)
           ^^^^^^^^^^^^^^^^^^^^^^^^^^^^^^^^^^^^^^^
  File "/home/viny/greenhunter/venv/lib/python3.11/site-packages/click/core.py", line 824, in invoke
    return callback(*args, **kwargs)
           ^^^^^^^^^^^^^^^^^^^^^^^^^
  File "/home/viny/greenhunter/venv/lib/python3.11/site-packages/click/decorators.py", line 93, in new_func
    return ctx.invoke(f, obj, *args, **kwargs)
           ^^^^^^^^^^^^^^^^^^^^^^^^^^^^^^^^^^^
  File "/home/viny/greenhunter/venv/lib/python3.11/site-packages/click/core.py", line 824, in invoke
    return callback(*args, **kwargs)
           ^^^^^^^^^^^^^^^^^^^^^^^^^
  File "/home/viny/greenhunter/venv/lib/python3.11/site-packages/flask/cli.py", line 924, in run_command
    run_simple(
  File "/home/viny/greenhunter/venv/lib/python3.11/site-packages/werkzeug/serving.py", line 1093, in run_simple
    srv = make_server(
          ^^^^^^^^^^^^
  File "/home/viny/greenhunter/venv/lib/python3.11/site-packages/werkzeug/serving.py", line 930, in make_server
    return ThreadedWSGIServer(
           ^^^^^^^^^^^^^^^^^^^
  File "/home/viny/greenhunter/venv/lib/python3.11/site-packages/werkzeug/serving.py", line 750, in __init__
    super().__init__(
  File "/usr/lib/python3.11/socketserver.py", line 452, in __init__
    self.socket = socket.socket(self.address_family,
                  ^^^^^^^^^^^^^^^^^^^^^^^^^^^^^^^^^^
  File "/usr/lib/python3.11/socket.py", line 232, in __init__
    _socket.socket.__init__(self, family, type, proto, fileno)
PermissionError: [Errno 1] Operation not permitted
 * Serving Flask app 'app'
 * Debug mode: off
Traceback (most recent call last):
  File "/home/viny/greenhunter/venv/bin/flask", line 8, in <module>
    sys.exit(main())
             ^^^^^^
  File "/home/viny/greenhunter/venv/lib/python3.11/site-packages/flask/cli.py", line 1064, in main
    cli.main()
  File "/home/viny/greenhunter/venv/lib/python3.11/site-packages/click/core.py", line 1406, in main
    rv = self.invoke(ctx)
         ^^^^^^^^^^^^^^^^
  File "/home/viny/greenhunter/venv/lib/python3.11/site-packages/click/core.py", line 1873, in invoke
    return _process_result(sub_ctx.command.invoke(sub_ctx))
                           ^^^^^^^^^^^^^^^^^^^^^^^^^^^^^^^
  File "/home/viny/greenhunter/venv/lib/python3.11/site-packages/click/core.py", line 1269, in invoke
    return ctx.invoke(self.callback, **ctx.params)
           ^^^^^^^^^^^^^^^^^^^^^^^^^^^^^^^^^^^^^^^
  File "/home/viny/greenhunter/venv/lib/python3.11/site-packages/click/core.py", line 824, in invoke
    return callback(*args, **kwargs)
           ^^^^^^^^^^^^^^^^^^^^^^^^^
  File "/home/viny/greenhunter/venv/lib/python3.11/site-packages/click/decorators.py", line 93, in new_func
    return ctx.invoke(f, obj, *args, **kwargs)
           ^^^^^^^^^^^^^^^^^^^^^^^^^^^^^^^^^^^
  File "/home/viny/greenhunter/venv/lib/python3.11/site-packages/click/core.py", line 824, in invoke
    return callback(*args, **kwargs)
           ^^^^^^^^^^^^^^^^^^^^^^^^^
  File "/home/viny/greenhunter/venv/lib/python3.11/site-packages/flask/cli.py", line 924, in run_command
    run_simple(
  File "/home/viny/greenhunter/venv/lib/python3.11/site-packages/werkzeug/serving.py", line 1093, in run_simple
    srv = make_server(
          ^^^^^^^^^^^^
  File "/home/viny/greenhunter/venv/lib/python3.11/site-packages/werkzeug/serving.py", line 930, in make_server
    return ThreadedWSGIServer(
           ^^^^^^^^^^^^^^^^^^^
  File "/home/viny/greenhunter/venv/lib/python3.11/site-packages/werkzeug/serving.py", line 750, in __init__
    super().__init__(
  File "/usr/lib/python3.11/socketserver.py", line 452, in __init__
    self.socket = socket.socket(self.address_family,
                  ^^^^^^^^^^^^^^^^^^^^^^^^^^^^^^^^^^
  File "/usr/lib/python3.11/socket.py", line 232, in __init__
    _socket.socket.__init__(self, family, type, proto, fileno)
PermissionError: [Errno 1] Operation not permitted
 * Serving Flask app 'app'
 * Debug mode: off
Traceback (most recent call last):
  File "/home/viny/greenhunter/venv/bin/flask", line 8, in <module>
    sys.exit(main())
             ^^^^^^
  File "/home/viny/greenhunter/venv/lib/python3.11/site-packages/flask/cli.py", line 1064, in main
    cli.main()
  File "/home/viny/greenhunter/venv/lib/python3.11/site-packages/click/core.py", line 1406, in main
    rv = self.invoke(ctx)
         ^^^^^^^^^^^^^^^^
  File "/home/viny/greenhunter/venv/lib/python3.11/site-packages/click/core.py", line 1873, in invoke
    return _process_result(sub_ctx.command.invoke(sub_ctx))
                           ^^^^^^^^^^^^^^^^^^^^^^^^^^^^^^^
  File "/home/viny/greenhunter/venv/lib/python3.11/site-packages/click/core.py", line 1269, in invoke
    return ctx.invoke(self.callback, **ctx.params)
           ^^^^^^^^^^^^^^^^^^^^^^^^^^^^^^^^^^^^^^^
  File "/home/viny/greenhunter/venv/lib/python3.11/site-packages/click/core.py", line 824, in invoke
    return callback(*args, **kwargs)
           ^^^^^^^^^^^^^^^^^^^^^^^^^
  File "/home/viny/greenhunter/venv/lib/python3.11/site-packages/click/decorators.py", line 93, in new_func
    return ctx.invoke(f, obj, *args, **kwargs)
           ^^^^^^^^^^^^^^^^^^^^^^^^^^^^^^^^^^^
  File "/home/viny/greenhunter/venv/lib/python3.11/site-packages/click/core.py", line 824, in invoke
    return callback(*args, **kwargs)
           ^^^^^^^^^^^^^^^^^^^^^^^^^
  File "/home/viny/greenhunter/venv/lib/python3.11/site-packages/flask/cli.py", line 924, in run_command
    run_simple(
  File "/home/viny/greenhunter/venv/lib/python3.11/site-packages/werkzeug/serving.py", line 1093, in run_simple
    srv = make_server(
          ^^^^^^^^^^^^
  File "/home/viny/greenhunter/venv/lib/python3.11/site-packages/werkzeug/serving.py", line 930, in make_server
    return ThreadedWSGIServer(
           ^^^^^^^^^^^^^^^^^^^
  File "/home/viny/greenhunter/venv/lib/python3.11/site-packages/werkzeug/serving.py", line 750, in __init__
    super().__init__(
  File "/usr/lib/python3.11/socketserver.py", line 452, in __init__
    self.socket = socket.socket(self.address_family,
                  ^^^^^^^^^^^^^^^^^^^^^^^^^^^^^^^^^^
  File "/usr/lib/python3.11/socket.py", line 232, in __init__
    _socket.socket.__init__(self, family, type, proto, fileno)
PermissionError: [Errno 1] Operation not permitted
 * Serving Flask app 'app'
 * Debug mode: off
Traceback (most recent call last):
  File "/home/viny/greenhunter/venv/bin/flask", line 8, in <module>
    sys.exit(main())
             ^^^^^^
  File "/home/viny/greenhunter/venv/lib/python3.11/site-packages/flask/cli.py", line 1064, in main
    cli.main()
  File "/home/viny/greenhunter/venv/lib/python3.11/site-packages/click/core.py", line 1406, in main
    rv = self.invoke(ctx)
         ^^^^^^^^^^^^^^^^
  File "/home/viny/greenhunter/venv/lib/python3.11/site-packages/click/core.py", line 1873, in invoke
    return _process_result(sub_ctx.command.invoke(sub_ctx))
                           ^^^^^^^^^^^^^^^^^^^^^^^^^^^^^^^
  File "/home/viny/greenhunter/venv/lib/python3.11/site-packages/click/core.py", line 1269, in invoke
    return ctx.invoke(self.callback, **ctx.params)
           ^^^^^^^^^^^^^^^^^^^^^^^^^^^^^^^^^^^^^^^
  File "/home/viny/greenhunter/venv/lib/python3.11/site-packages/click/core.py", line 824, in invoke
    return callback(*args, **kwargs)
           ^^^^^^^^^^^^^^^^^^^^^^^^^
  File "/home/viny/greenhunter/venv/lib/python3.11/site-packages/click/decorators.py", line 93, in new_func
    return ctx.invoke(f, obj, *args, **kwargs)
           ^^^^^^^^^^^^^^^^^^^^^^^^^^^^^^^^^^^
  File "/home/viny/greenhunter/venv/lib/python3.11/site-packages/click/core.py", line 824, in invoke
    return callback(*args, **kwargs)
           ^^^^^^^^^^^^^^^^^^^^^^^^^
  File "/home/viny/greenhunter/venv/lib/python3.11/site-packages/flask/cli.py", line 924, in run_command
    run_simple(
  File "/home/viny/greenhunter/venv/lib/python3.11/site-packages/werkzeug/serving.py", line 1093, in run_simple
    srv = make_server(
          ^^^^^^^^^^^^
  File "/home/viny/greenhunter/venv/lib/python3.11/site-packages/werkzeug/serving.py", line 930, in make_server
    return ThreadedWSGIServer(
           ^^^^^^^^^^^^^^^^^^^
  File "/home/viny/greenhunter/venv/lib/python3.11/site-packages/werkzeug/serving.py", line 750, in __init__
    super().__init__(
  File "/usr/lib/python3.11/socketserver.py", line 452, in __init__
    self.socket = socket.socket(self.address_family,
                  ^^^^^^^^^^^^^^^^^^^^^^^^^^^^^^^^^^
  File "/usr/lib/python3.11/socket.py", line 232, in __init__
    _socket.socket.__init__(self, family, type, proto, fileno)
PermissionError: [Errno 1] Operation not permitted
 * Serving Flask app 'app'
 * Debug mode: off
Traceback (most recent call last):
  File "/home/viny/greenhunter/venv/bin/flask", line 8, in <module>
    sys.exit(main())
             ^^^^^^
  File "/home/viny/greenhunter/venv/lib/python3.11/site-packages/flask/cli.py", line 1064, in main
    cli.main()
  File "/home/viny/greenhunter/venv/lib/python3.11/site-packages/click/core.py", line 1406, in main
    rv = self.invoke(ctx)
         ^^^^^^^^^^^^^^^^
  File "/home/viny/greenhunter/venv/lib/python3.11/site-packages/click/core.py", line 1873, in invoke
    return _process_result(sub_ctx.command.invoke(sub_ctx))
                           ^^^^^^^^^^^^^^^^^^^^^^^^^^^^^^^
  File "/home/viny/greenhunter/venv/lib/python3.11/site-packages/click/core.py", line 1269, in invoke
    return ctx.invoke(self.callback, **ctx.params)
           ^^^^^^^^^^^^^^^^^^^^^^^^^^^^^^^^^^^^^^^
  File "/home/viny/greenhunter/venv/lib/python3.11/site-packages/click/core.py", line 824, in invoke
    return callback(*args, **kwargs)
           ^^^^^^^^^^^^^^^^^^^^^^^^^
  File "/home/viny/greenhunter/venv/lib/python3.11/site-packages/click/decorators.py", line 93, in new_func
    return ctx.invoke(f, obj, *args, **kwargs)
           ^^^^^^^^^^^^^^^^^^^^^^^^^^^^^^^^^^^
  File "/home/viny/greenhunter/venv/lib/python3.11/site-packages/click/core.py", line 824, in invoke
    return callback(*args, **kwargs)
           ^^^^^^^^^^^^^^^^^^^^^^^^^
  File "/home/viny/greenhunter/venv/lib/python3.11/site-packages/flask/cli.py", line 924, in run_command
    run_simple(
  File "/home/viny/greenhunter/venv/lib/python3.11/site-packages/werkzeug/serving.py", line 1093, in run_simple
    srv = make_server(
          ^^^^^^^^^^^^
  File "/home/viny/greenhunter/venv/lib/python3.11/site-packages/werkzeug/serving.py", line 930, in make_server
    return ThreadedWSGIServer(
           ^^^^^^^^^^^^^^^^^^^
  File "/home/viny/greenhunter/venv/lib/python3.11/site-packages/werkzeug/serving.py", line 750, in __init__
    super().__init__(
  File "/usr/lib/python3.11/socketserver.py", line 452, in __init__
    self.socket = socket.socket(self.address_family,
                  ^^^^^^^^^^^^^^^^^^^^^^^^^^^^^^^^^^
  File "/usr/lib/python3.11/socket.py", line 232, in __init__
    _socket.socket.__init__(self, family, type, proto, fileno)
PermissionError: [Errno 1] Operation not permitted
